test/should-fail/jfxc3023.visage:10: aaa is already defined in aaa()
        var aaa = 10;
        ^
1 error
