test/should-fail/jfxc3091.visage:13: Cannot override variable x defined in jfxc3091.A within a function definition.
override var x = 12;
^
1 error
