test/should-fail/jfxc3395.fx:8: script variable s cannot be initialized inside object literal expression
jfxc3395{s:""};
         ^
1 error
