test/should-fail/jfxc4046.fx:8: Not allowed in bind context try/catch block
    try {
    ^
1 error
