test/should-fail/jfxc4146.visage:16: warning: Suspicious forward reference: variable b might not have been initialized.
override var a = 3 on replace { b };
                                ^
test/should-fail/jfxc4146.visage:19: warning: Suspicious forward reference: variable y might not have been initialized.
var x on replace { y };
                   ^
2 warnings
