test/should-fail/jfxc3152.fx:16: Not allowed in bind context keyframe literal
        at(1s) {
        ^
1 error