test\should-fail\jfxc1250instRead.fx:19: warning: The access modifier public includes the access of public-init.
	public-init public var memHereIPub = 0;
	                   ^
test\should-fail\jfxc1250instRead.fx:24: warning: The access modifier public includes the access of public-read.
	public-read public var memHereRPub = 0;
	                   ^
test\should-fail\jfxc1250instRead.fx:29: warning: The access modifier public includes the access of public-read.
	public-init public-read public var memHereIRPub = 0;
	                               ^
test\should-fail\jfxc1250instRead.fx:30: warning: The access modifier public-init includes the access of public-read.
	public-init public-read protected var memHereIRPro = 0;
	                                  ^
test\should-fail\jfxc1250instRead.fx:31: warning: The access modifier public-init includes the access of public-read.
	public-init public-read package var memHereIRPkg = 0;
	                                ^
test\should-fail\jfxc1250instRead.fx:32: warning: The access modifier public-init includes the access of public-read.
	public-init public-read var memHereIRScr = 0;
	                        ^
test\should-fail\jfxc1250instRead.fx:41: warning: The access modifier public includes the access of public-init.
	public-init public var fooIPub = 0;
	                   ^
test\should-fail\jfxc1250instRead.fx:46: warning: The access modifier public includes the access of public-read.
	public-read public var fooRPub = 0;
	                   ^
test\should-fail\jfxc1250instRead.fx:51: warning: The access modifier public includes the access of public-read.
	public-init public-read public var fooIRPub = 0;
	                               ^
test\should-fail\jfxc1250instRead.fx:52: warning: The access modifier public-init includes the access of public-read.
	public-init public-read protected var fooIRPro = 0;
	                                  ^
test\should-fail\jfxc1250instRead.fx:53: warning: The access modifier public-init includes the access of public-read.
	public-init public-read package var fooIRPkg = 0;
	                                ^
test\should-fail\jfxc1250instRead.fx:54: warning: The access modifier public-init includes the access of public-read.
	public-init public-read var fooIRScr = 0;
	                        ^
test\should-fail\jfxc1250instRead.fx:62: cannot find symbol
symbol  : variable memScr
location: class jfxc1250instRead.Inh
	System.out.println( memScr );   // ERROR: inherited, same package
	                    ^
test\should-fail\jfxc1250instRead.fx:84: cannot find symbol
symbol  : variable memPkg
location: class jfxc1250instRead.InhA
	System.out.println( memPkg );   // ERROR: inherited, different package
	                    ^
test\should-fail\jfxc1250instRead.fx:86: cannot find symbol
symbol  : variable memScr
location: class jfxc1250instRead.InhA
	System.out.println( memScr );   // ERROR: inherited, different package
	                    ^
test\should-fail\jfxc1250instRead.fx:166: memScr has script only (default) access in jfxc1250subFail
	System.out.println( vf.memScr );   // ERROR: same package
	                      ^
test\should-fail\jfxc1250instRead.fx:187: memPkg is not public in jfxc1250.a.jfxc1250subFailA; cannot be accessed from outside package
	System.out.println( vf.memPkg );   // ERROR: different package
	                      ^
test\should-fail\jfxc1250instRead.fx:188: memPro has protected access in jfxc1250.a.jfxc1250subFailA
	System.out.println( vf.memPro );   // ERROR: different package
	                      ^
test\should-fail\jfxc1250instRead.fx:189: memScr has script only (default) access in jfxc1250.a.jfxc1250subFailA
	System.out.println( vf.memScr );   // ERROR: different package
	                      ^
7 errors
12 warnings
