vsgc1636.visage:7: The def a must have an initializing expression
def a : Integer;
^vsgc1636.visage:11: The def b must have an initializing expression
   def b : String;
   ^
vsgc1636.visage:14: The def c must have an initializing expression
      def c : Foo;
      ^
3 errors