test/should-fail/vsgc1122b.visage:12: incompatible types
found   : java.lang.Number
required: Number
var x:Number = fmt.parse("5.234");
               ^
1 error
