10100
10025
ooxxoo---ooxxoo====ooxxoo---ooxxoo
@@xx@@---@@xx@@====@@xx@@---@@xx@@
