[ JavaFX ]
[ JavaFX ]
[ JavaFX ]
[ JavaFX ]
[ JavaFX ]
[ JavaFX ]
[ JavaFX ]
[ JavaFX ]
