rectangle initializedi rectangle 40, 20
button initialized OK, 40, 20
group initialized
