Inside on-invalidate...
explicitly invalidating y
Inside on-invalidate...
explicitly invalidating y
Inside on-invalidate...
explicitly invalidating y
Inside on-invalidate...
forcing validation of y
explicitly invalidating y
Inside on-invalidate...
explicitly invalidating y
Inside on-invalidate...
forcing validation of y
implicitly invalidating y
Inside on-invalidate...
implicitly invalidating y
Inside on-invalidate...
