Out of bounds [-1]
int 0
num 0.0
bool false
string //
obj /null/
dur /0ms/
Element access empty sequence
int 0
num 0.0
bool false
string //
obj /null/
dur /0ms/
Var defaults
int 0
num 0.0
bool false
string //
obj /null/
dur /0ms/
