1:REPLACED with false
2:REPLACED with false
3:REPLACED with true
4:REPLACED with true
5:REPLACED with false
7:REPLACED with false
8:REPLACED with true
9:REPLACED with true
