bse: [ ]
bsr: [ ]
bse: [ 45 ]
bsr: [ 45 ]
bse: [ 45, gulp ]
bsr: [ 45, gulp ]
bse: [ 45, gulp, 1, 2, 3, 4, 5 ]
bsr: [ 45, gulp, 1, 2, 3, 4, 5 ]
bse: [ 45, gulp, 1, 2, 3, Leah, 5 ]
bsr: [ 45, gulp, 1, 2, 3, Leah, 5 ]
bse: [ 45, gulp, 1, 2, Leah, 5 ]
bsr: [ 45, gulp, 1, 2, Leah, 5 ]
bse: [ ]
bsr: [ ]
bse: [ ]
bsr: [ ]
bse: [ 45 ]
bsr: [ 45 ]
bse: [ 45, gulp ]
bsr: [ 45, gulp ]
bse: [ 45, gulp, 1, 2, 3, 4, 5 ]
bsr: [ 45, gulp, 1, 2, 3, 4, 5 ]
bse: [ 45, gulp, 1, 2, 3, Leah, 5 ]
bsr: [ 45, gulp, 1, 2, 3, Leah, 5 ]
bse: [ 45, gulp, 1, 2, Leah, 5 ]
bsr: [ 45, gulp, 1, 2, Leah, 5 ]
bse: [ ]
bsr: [ ]
