}
}
}
A block expression starts with a { and ends with a }
1 level{2 level{3 level has value = 100}}
1 level{2 level{3 level has value = 100}}
There
{ Hello There }
