[0..-1] = 0
[0..-1] = 0
[0..-1] = 1
[0..-1] = 1
[1..0] = 1
[1..0] = 1
[2..1] = 5
[2..1] = 5
[5..5] = 1
[5..5] = 1
[4..4] = 0
[4..4] = 0
bse: [ 45, gulp, 1, 2, Leah, 5 ]
bsr: [ 45, gulp, 1, 2, Leah, 5 ]
[0..5] = 0
[0..5] = 0
bse: [ ]
bsr: [ ]
[0..-1] = 0
[0..-1] = 0
[0..-1] = 1
[0..-1] = 1
[1..0] = 1
[1..0] = 1
[2..1] = 5
[2..1] = 5
[5..5] = 1
[5..5] = 1
[4..4] = 0
[4..4] = 0
bse: [ 45, gulp, 1, 2, Leah, 5 ]
bsr: [ 45, gulp, 1, 2, Leah, 5 ]
[0..5] = 0
[0..5] = 0
bse: [ ]
bsr: [ ]
