[ a, b, c, d, e, f, g ]
[ a, b, c, d, e, f, g ]
[ e, f, g ]
[ b, c, d, e, f, g, h ]
[ b, c, d, e, f, g, h ]
[ f, g, h ]
[ A, B, C, D, E, F, G ]
[ A, B, C, D, E, F, G ]
[ E, F, G ]
[ 1, 2, 3, 4, 5, 6, 7 ]
[ 1, 2, 3, 4, 5, 6, 7 ]
[ 5, 6, 7 ]
