translated string in jfxc698_ja.fxproperties
translated string in foo/bar/FXPropTestResources_ja.fxproperties
translated EXPLICIT_KEY in jfxc698_ja.fxproperties
default string
