[0..-1] = 50
[0..19] = 0
[0..-1] = 70
[50..99] = 0
[0..19] = 0
