[ 1.0, 11.0, 21.0, 31.0 ]
[ 2.0, 12.0, 22.0, 32.0 ]
[ 12.0, 22.0, 32.0, 42.0 ]
