source original string
source original string in test 2
translated string in foo/bar/VisagePropTestResources_ja.visageproperties
translated string 2 in foo/bar/VisagePropTestResources_ja.visageproperties
translated string in foo/FooResources_ja.visageproperties
translated string 2 in foo/FooResources_ja.visageproperties
source original string
source original string in test 2
